Module: hasGlobalConstants
   This module has some global scoped constants. 
   const fifth
      This constant has an associated comment and a value 
   const first: int(64)
   const fourth: int(64)
      This constant has an associated comment and a type 
   const second
   const sixth: bool
      This constant has an associated comment, a type, and a value 
   const third: bool
