Module: globalOrdering
   config var goop: bool
      I should be first 
   config const resorted
      I should be second 
   param after
      I should be third 
   var fluctuates: int(64)
      I should be fourth 
   const running
      I'm last 
